Copyright 1986-2022 Xilinx, Inc. All Rights Reserved. Copyright 2022-2024 Advanced Micro Devices, Inc. All Rights Reserved.
---------------------------------------------------------------------------------------------------------------------------------------------
| Tool Version : Vivado v.2024.1 (lin64) Build 5076996 Wed May 22 18:36:09 MDT 2024
| Date         : Wed Sep  9 15:22:23 2026
| Host         : EQI07362 running 64-bit Ubuntu 22.04.5 LTS
| Command      : report_timing -nworst 1 -delay_type max -sort_by group -file reports_cva6_fpga_synth/cva6_fpga.timing.rpt
| Design       : cva6_zybo_z7_20
| Device       : 7z020-clg400
| Speed File   : -1  PRODUCTION 1.12 2019-11-22
| Design State : Synthesized
---------------------------------------------------------------------------------------------------------------------------------------------

Timing Report

Slack (VIOLATED) :        -2.576ns  (required time - arrival time)
  Source:                 i_ariane/i_cva6/issue_stage_i/i_issue_read_operands/cvxif_valid_q_reg/C
                            (rising edge-triggered cell FDCE clocked by clk_out1_xlnx_clk_gen  {rise@0.000ns fall@10.000ns period=20.000ns})
  Destination:            i_ariane/i_cva6/ex_stage_i/vaddr_to_be_flushed_reg[0]/D
                            (rising edge-triggered cell FDCE clocked by clk_out1_xlnx_clk_gen  {rise@0.000ns fall@10.000ns period=20.000ns})
  Path Group:             clk_out1_xlnx_clk_gen
  Path Type:              Setup (Max at Slow Process Corner)
  Requirement:            20.000ns  (clk_out1_xlnx_clk_gen rise@20.000ns - clk_out1_xlnx_clk_gen rise@0.000ns)
  Data Path Delay:        22.396ns  (logic 7.613ns (33.993%)  route 14.783ns (66.007%))
  Logic Levels:           28  (CARRY4=9 LUT2=2 LUT3=5 LUT4=1 LUT5=2 LUT6=8 MUXF7=1)
  Clock Path Skew:        -0.145ns (DCD - SCD + CPR)
    Destination Clock Delay (DCD):    -2.245ns = ( 17.755 - 20.000 ) 
    Source Clock Delay      (SCD):    -1.569ns
    Clock Pessimism Removal (CPR):    0.531ns
  Clock Uncertainty:      0.079ns  ((TSJ^2 + DJ^2)^1/2) / 2 + PE
    Total System Jitter     (TSJ):    0.071ns
    Discrete Jitter          (DJ):    0.142ns
    Phase Error              (PE):    0.000ns

    Location             Delay type                Incr(ns)  Path(ns)    Netlist Resource(s)
  -------------------------------------------------------------------    -------------------
                         (clock clk_out1_xlnx_clk_gen rise edge)
                                                      0.000     0.000 r  
    K17                                               0.000     0.000 r  clk_sys (IN)
                         net (fo=0)                   0.000     0.000    i_xlnx_clk_gen/inst/clk_in1
    K17                  IBUF (Prop_ibuf_I_O)         1.475     1.475 r  i_xlnx_clk_gen/inst/clkin1_ibufg/O
                         net (fo=1, unplaced)         0.584     2.059    i_xlnx_clk_gen/inst/clk_in1_xlnx_clk_gen
                         MMCME2_ADV (Prop_mmcme2_adv_CLKIN1_CLKOUT0)
                                                     -5.113    -3.054 r  i_xlnx_clk_gen/inst/mmcm_adv_inst/CLKOUT0
                         net (fo=1, unplaced)         0.800    -2.254    i_xlnx_clk_gen/inst/clk_out1_xlnx_clk_gen
                         BUFG (Prop_bufg_I_O)         0.101    -2.153 r  i_xlnx_clk_gen/inst/clkout1_buf/O
                         net (fo=21072, unplaced)     0.584    -1.569    i_ariane/i_cva6/issue_stage_i/i_issue_read_operands/clk_out1
                         FDCE                                         r  i_ariane/i_cva6/issue_stage_i/i_issue_read_operands/cvxif_valid_q_reg/C
  -------------------------------------------------------------------    -------------------
                         FDCE (Prop_fdce_C_Q)         0.478    -1.091 r  i_ariane/i_cva6/issue_stage_i/i_issue_read_operands/cvxif_valid_q_reg/Q
                         net (fo=636, unplaced)       0.610    -0.481    i_ariane/i_cva6/issue_stage_i/i_issue_read_operands/cvxif_valid_q_reg_0
                         LUT2 (Prop_lut2_I0_O)        0.295    -0.186 r  i_ariane/i_cva6/issue_stage_i/i_issue_read_operands/i___477_i_2/O
                         net (fo=11, unplaced)        1.157     0.971    i_ariane/gen_example_coprocessor.i_cvxif_coprocessor/cvxif_req[x_issue_req][instr][4]
                         LUT6 (Prop_lut6_I1_O)        0.124     1.095 r  i_ariane/gen_example_coprocessor.i_cvxif_coprocessor/i___0_i_6/O
                         net (fo=2, unplaced)         0.913     2.008    i_ariane/i_cva6/issue_stage_i/i_issue_read_operands/weight_buffer2_reg_263
                         LUT6 (Prop_lut6_I0_O)        0.124     2.132 r  i_ariane/i_cva6/issue_stage_i/i_issue_read_operands/i___206_i_4/O
                         net (fo=787, unplaced)       0.589     2.721    i_ariane/gen_example_coprocessor.i_cvxif_coprocessor/rd_block_cnt_q_reg[0]_0
                         LUT6 (Prop_lut6_I5_O)        0.124     2.845 r  i_ariane/gen_example_coprocessor.i_cvxif_coprocessor/i___478/O
                         net (fo=156, unplaced)       0.560     3.405    i_ariane/i_cva6/issue_stage_i/i_issue_read_operands/req_o[is_mac16buf_para]
                         LUT6 (Prop_lut6_I5_O)        0.124     3.529 r  i_ariane/i_cva6/issue_stage_i/i_issue_read_operands/i___130_i_2/O
                         net (fo=9, unplaced)         0.490     4.019    i_ariane/i_cva6/issue_stage_i/i_issue_read_operands/operand_g_q_reg[18]_0
                         LUT6 (Prop_lut6_I0_O)        0.124     4.143 f  i_ariane/i_cva6/issue_stage_i/i_issue_read_operands/i___565_i_1/O
                         net (fo=3, unplaced)         0.920     5.063    i_ariane/i_cva6/issue_stage_i/i_issue_read_operands/weight_buffer1_reg_138
                         LUT3 (Prop_lut3_I0_O)        0.124     5.187 r  i_ariane/i_cva6/issue_stage_i/i_issue_read_operands/i___380_i_10/O
                         net (fo=1, unplaced)         0.639     5.826    i_ariane/gen_example_coprocessor.i_cvxif_coprocessor/i___380_0[1]
                         CARRY4 (Prop_carry4_DI[1]_CO[3])
                                                      0.520     6.346 r  i_ariane/gen_example_coprocessor.i_cvxif_coprocessor/i___380_i_3/CO[3]
                         net (fo=1, unplaced)         0.000     6.346    i_ariane/gen_example_coprocessor.i_cvxif_coprocessor/i___380_i_3_n_1
                         CARRY4 (Prop_carry4_CI_O[0])
                                                      0.232     6.578 r  i_ariane/gen_example_coprocessor.i_cvxif_coprocessor/i___437_i_48/O[0]
                         net (fo=3, unplaced)         0.329     6.907    i_ariane/gen_example_coprocessor.i_cvxif_coprocessor/i___437_i_48_n_8
                         LUT3 (Prop_lut3_I2_O)        0.295     7.202 r  i_ariane/gen_example_coprocessor.i_cvxif_coprocessor/i___437_i_42/O
                         net (fo=1, unplaced)         0.639     7.841    i_ariane/gen_example_coprocessor.i_cvxif_coprocessor/i___437_i_42_n_1
                         CARRY4 (Prop_carry4_DI[1]_CO[3])
                                                      0.520     8.361 r  i_ariane/gen_example_coprocessor.i_cvxif_coprocessor/i___437_i_14/CO[3]
                         net (fo=1, unplaced)         0.000     8.361    i_ariane/gen_example_coprocessor.i_cvxif_coprocessor/i___437_i_14_n_1
                         CARRY4 (Prop_carry4_CI_O[0])
                                                      0.232     8.593 r  i_ariane/gen_example_coprocessor.i_cvxif_coprocessor/i___437_i_3/O[0]
                         net (fo=3, unplaced)         0.759     9.352    i_ariane/i_cva6/issue_stage_i/i_issue_read_operands/acc_q_reg[31]_i_32[0]
                         LUT3 (Prop_lut3_I0_O)        0.295     9.647 r  i_ariane/i_cva6/issue_stage_i/i_issue_read_operands/acc_q[23]_i_27/O
                         net (fo=1, unplaced)         0.639    10.286    i_ariane/gen_example_coprocessor.i_cvxif_coprocessor/acc_q[19]_i_21_2[0]
                         CARRY4 (Prop_carry4_DI[1]_O[2])
                                                      0.566    10.852 r  i_ariane/gen_example_coprocessor.i_cvxif_coprocessor/acc_q_reg[23]_i_22/O[2]
                         net (fo=3, unplaced)         0.923    11.775    i_ariane/gen_example_coprocessor.i_cvxif_coprocessor/acc_q_reg[23]_i_22_n_6
                         LUT3 (Prop_lut3_I0_O)        0.301    12.076 r  i_ariane/gen_example_coprocessor.i_cvxif_coprocessor/acc_q[19]_i_14/O
                         net (fo=1, unplaced)         0.473    12.549    i_ariane/gen_example_coprocessor.i_cvxif_coprocessor/acc_q[19]_i_14_n_1
                         CARRY4 (Prop_carry4_DI[3]_CO[3])
                                                      0.396    12.945 r  i_ariane/gen_example_coprocessor.i_cvxif_coprocessor/acc_q_reg[19]_i_11/CO[3]
                         net (fo=1, unplaced)         0.000    12.945    i_ariane/gen_example_coprocessor.i_cvxif_coprocessor/acc_q_reg[19]_i_11_n_1
                         CARRY4 (Prop_carry4_CI_O[0])
                                                      0.232    13.177 r  i_ariane/gen_example_coprocessor.i_cvxif_coprocessor/acc_q_reg[23]_i_11/O[0]
                         net (fo=3, unplaced)         0.488    13.665    i_ariane/gen_example_coprocessor.i_cvxif_coprocessor/acc_q_reg[23]_i_11_n_8
                         LUT3 (Prop_lut3_I0_O)        0.295    13.960 r  i_ariane/gen_example_coprocessor.i_cvxif_coprocessor/acc_q[19]_i_5/O
                         net (fo=1, unplaced)         0.639    14.599    i_ariane/gen_example_coprocessor.i_cvxif_coprocessor/acc_q[19]_i_5_n_1
                         CARRY4 (Prop_carry4_DI[1]_CO[3])
                                                      0.520    15.119 r  i_ariane/gen_example_coprocessor.i_cvxif_coprocessor/acc_q_reg[19]_i_2/CO[3]
                         net (fo=1, unplaced)         0.000    15.119    i_ariane/gen_example_coprocessor.i_cvxif_coprocessor/acc_q_reg[19]_i_2_n_1
                         CARRY4 (Prop_carry4_CI_O[0])
                                                      0.232    15.351 r  i_ariane/gen_example_coprocessor.i_cvxif_coprocessor/acc_q_reg[23]_i_2/O[0]
                         net (fo=3, unplaced)         0.759    16.110    i_ariane/gen_example_coprocessor.i_cvxif_coprocessor/acc_q[23]_i_10_0[0]
                         LUT5 (Prop_lut5_I0_O)        0.295    16.405 r  i_ariane/gen_example_coprocessor.i_cvxif_coprocessor/mem_q[0][sbe][result][7]_i_8/O
                         net (fo=1, unplaced)         0.902    17.307    i_ariane/gen_example_coprocessor.i_cvxif_coprocessor/mem_q[0][sbe][result][7]_i_8_n_1
                         LUT4 (Prop_lut4_I0_O)        0.124    17.431 r  i_ariane/gen_example_coprocessor.i_cvxif_coprocessor/mem_q[0][sbe][result][7]_i_5/O
                         net (fo=8, unplaced)         0.487    17.918    i_ariane/gen_example_coprocessor.i_cvxif_coprocessor/fifo_commit_i/gen_fpga_queue.fifo_ram/sat_shift8_u81
                         LUT6 (Prop_lut6_I4_O)        0.124    18.042 r  i_ariane/gen_example_coprocessor.i_cvxif_coprocessor/fifo_commit_i/gen_fpga_queue.fifo_ram/mem_q[0][sbe][result][0]_i_2/O
                         net (fo=5, unplaced)         0.477    18.519    i_ariane/gen_example_coprocessor.i_cvxif_coprocessor/fifo_commit_i/gen_fpga_queue.fifo_ram/acc_q_reg[27]_i_2[0]
                         LUT2 (Prop_lut2_I1_O)        0.124    18.643 r  i_ariane/gen_example_coprocessor.i_cvxif_coprocessor/fifo_commit_i/gen_fpga_queue.fifo_ram/operand_f_q[0]_i_5/O
                         net (fo=9, unplaced)         0.490    19.133    i_ariane/i_cva6/issue_stage_i/i_scoreboard/x_result_ex_id[0]
                         LUT6 (Prop_lut6_I3_O)        0.124    19.257 r  i_ariane/i_cva6/issue_stage_i/i_scoreboard/vaddr_to_be_flushed[0]_i_10/O
                         net (fo=1, unplaced)         0.449    19.706    i_ariane/i_cva6/issue_stage_i/i_scoreboard/vaddr_to_be_flushed[0]_i_10_n_1
                         LUT6 (Prop_lut6_I3_O)        0.124    19.830 r  i_ariane/i_cva6/issue_stage_i/i_scoreboard/vaddr_to_be_flushed[0]_i_4/O
                         net (fo=1, unplaced)         0.000    19.830    i_ariane/i_cva6/issue_stage_i/i_scoreboard/rs1_sb_iro[0]
                         MUXF7 (Prop_muxf7_I1_O)      0.247    20.077 r  i_ariane/i_cva6/issue_stage_i/i_scoreboard/vaddr_to_be_flushed_reg[0]_i_2/O
                         net (fo=1, unplaced)         0.452    20.529    i_ariane/i_cva6/id_stage_i/operand_a_q_reg[0]
                         LUT5 (Prop_lut5_I4_O)        0.298    20.827 r  i_ariane/i_cva6/id_stage_i/vaddr_to_be_flushed[0]_i_1/O
                         net (fo=2, unplaced)         0.000    20.827    i_ariane/i_cva6/ex_stage_i/vaddr_to_be_flushed_reg[31]_0[0]
                         FDCE                                         r  i_ariane/i_cva6/ex_stage_i/vaddr_to_be_flushed_reg[0]/D
  -------------------------------------------------------------------    -------------------

                         (clock clk_out1_xlnx_clk_gen rise edge)
                                                     20.000    20.000 r  
    K17                                               0.000    20.000 r  clk_sys (IN)
                         net (fo=0)                   0.000    20.000    i_xlnx_clk_gen/inst/clk_in1
    K17                  IBUF (Prop_ibuf_I_O)         1.404    21.404 r  i_xlnx_clk_gen/inst/clkin1_ibufg/O
                         net (fo=1, unplaced)         0.439    21.843    i_xlnx_clk_gen/inst/clk_in1_xlnx_clk_gen
                         MMCME2_ADV (Prop_mmcme2_adv_CLKIN1_CLKOUT0)
                                                     -5.378    16.466 r  i_xlnx_clk_gen/inst/mmcm_adv_inst/CLKOUT0
                         net (fo=1, unplaced)         0.760    17.225    i_xlnx_clk_gen/inst/clk_out1_xlnx_clk_gen
                         BUFG (Prop_bufg_I_O)         0.091    17.316 r  i_xlnx_clk_gen/inst/clkout1_buf/O
                         net (fo=21072, unplaced)     0.439    17.755    i_ariane/i_cva6/ex_stage_i/clk_out1
                         FDCE                                         r  i_ariane/i_cva6/ex_stage_i/vaddr_to_be_flushed_reg[0]/C
                         clock pessimism              0.531    18.286    
                         clock uncertainty           -0.079    18.206    
                         FDCE (Setup_fdce_C_D)        0.044    18.250    i_ariane/i_cva6/ex_stage_i/vaddr_to_be_flushed_reg[0]
  -------------------------------------------------------------------
                         required time                         18.250    
                         arrival time                         -20.827    
  -------------------------------------------------------------------
                         slack                                 -2.576    

Slack (MET) :             5.757ns  (required time - arrival time)
  Source:                 i_dmi_jtag/i_dmi_jtag_tap/td_o_reg/C
                            (rising edge-triggered cell FDCE clocked by tck'  {rise@0.000ns fall@50.000ns period=100.000ns})
  Destination:            tdo
                            (output port clocked by tck  {rise@0.000ns fall@50.000ns period=100.000ns})
  Path Group:             tck
  Path Type:              Max at Slow Process Corner
  Requirement:            20.000ns  (MaxDelay Path 20.000ns)
  Data Path Delay:        5.049ns  (logic 4.249ns (84.161%)  route 0.800ns (15.839%))
  Logic Levels:           1  (OBUF=1)
  Output Delay:           5.000ns
  Clock Path Skew:        -3.693ns (DCD - SCD + CPR)
    Destination Clock Delay (DCD):    0.000ns
    Source Clock Delay      (SCD):    3.693ns
    Clock Pessimism Removal (CPR):    0.000ns
  Clock Uncertainty:      0.501ns  ((TSJ^2 + TIJ^2)^1/2 + DJ) / 2 + PE
    Total System Jitter     (TSJ):    0.071ns
    Total Input Jitter      (TIJ):    1.000ns
    Discrete Jitter          (DJ):    0.000ns
    Phase Error              (PE):    0.000ns
  Timing Exception:       MaxDelay Path 20.000ns

    Location             Delay type                Incr(ns)  Path(ns)    Netlist Resource(s)
  -------------------------------------------------------------------    -------------------
                         (clock tck fall edge)        0.000     0.000 f  
    H15                                               0.000     0.000 f  tck (IN)
                         net (fo=0)                   0.000     0.000    tck
    H15                  IBUF (Prop_ibuf_I_O)         1.500     1.500 f  tck_IBUF_inst/O
                         net (fo=1, unplaced)         0.800     2.300    tck_IBUF
                         BUFG (Prop_bufg_I_O)         0.101     2.401 f  tck_IBUF_BUFG_inst/O
                         net (fo=258, unplaced)       0.584     2.985    tck_IBUF_BUFG
                         LUT1 (Prop_lut1_I0_O)        0.124     3.109 r  td_o_reg_i_2/O
                         net (fo=1, unplaced)         0.584     3.693    i_dmi_jtag/i_dmi_jtag_tap/tck_ni
                         FDCE                                         r  i_dmi_jtag/i_dmi_jtag_tap/td_o_reg/C
  -------------------------------------------------------------------    -------------------
                         FDCE (Prop_fdce_C_Q)         0.518     4.211 r  i_dmi_jtag/i_dmi_jtag_tap/td_o_reg/Q
                         net (fo=1, unplaced)         0.800     5.011    tdo_OBUF
    J15                  OBUF (Prop_obuf_I_O)         3.731     8.742 r  tdo_OBUF_inst/O
                         net (fo=0)                   0.000     8.742    tdo
    J15                                                               r  tdo (OUT)
  -------------------------------------------------------------------    -------------------

                         max delay                   20.000    20.000    
                         clock pessimism              0.000    20.000    
                         clock uncertainty           -0.501    19.499    
                         output delay                -5.000    14.499    
  -------------------------------------------------------------------
                         required time                         14.499    
                         arrival time                          -8.742    
  -------------------------------------------------------------------
                         slack                                  5.757    

Slack (MET) :             17.010ns  (required time - arrival time)
  Source:                 i_axi_dwidth_converter_dm_slave/inst/gen_downsizer.gen_simple_downsizer.axi_downsizer_inst/USE_READ.read_addr_inst/cmd_queue/inst/fifo_gen_inst/inst_fifo_gen/gconvfifo.rf/grf.rf/rstblk/ngwrdrst.grst.g7serrst.gnsckt_wrst.gcc_rst.sckt_wr_rst_cc_reg[1]/C
                            (rising edge-triggered cell FDRE clocked by clk_out1_xlnx_clk_gen  {rise@0.000ns fall@10.000ns period=20.000ns})
  Destination:            i_axi_dwidth_converter_dm_slave/inst/gen_downsizer.gen_simple_downsizer.axi_downsizer_inst/USE_READ.read_addr_inst/cmd_queue/inst/fifo_gen_inst/inst_fifo_gen/gconvfifo.rf/grf.rf/gntv_or_sync_fifo.gl0.rd/gr1.gr1_int.rfwft/aempty_fwft_fb_i_reg/PRE
                            (recovery check against rising-edge clock clk_out1_xlnx_clk_gen  {rise@0.000ns fall@10.000ns period=20.000ns})
  Path Group:             **async_default**
  Path Type:              Recovery (Max at Slow Process Corner)
  Requirement:            20.000ns  (clk_out1_xlnx_clk_gen rise@20.000ns - clk_out1_xlnx_clk_gen rise@0.000ns)
  Data Path Delay:        2.372ns  (logic 0.773ns (32.589%)  route 1.599ns (67.411%))
  Logic Levels:           1  (LUT3=1)
  Clock Path Skew:        -0.145ns (DCD - SCD + CPR)
    Destination Clock Delay (DCD):    -2.245ns = ( 17.755 - 20.000 ) 
    Source Clock Delay      (SCD):    -1.569ns
    Clock Pessimism Removal (CPR):    0.531ns
  Clock Uncertainty:      0.079ns  ((TSJ^2 + DJ^2)^1/2) / 2 + PE
    Total System Jitter     (TSJ):    0.071ns
    Discrete Jitter          (DJ):    0.142ns
    Phase Error              (PE):    0.000ns

    Location             Delay type                Incr(ns)  Path(ns)    Netlist Resource(s)
  -------------------------------------------------------------------    -------------------
                         (clock clk_out1_xlnx_clk_gen rise edge)
                                                      0.000     0.000 r  
    K17                                               0.000     0.000 r  clk_sys (IN)
                         net (fo=0)                   0.000     0.000    i_xlnx_clk_gen/inst/clk_in1
    K17                  IBUF (Prop_ibuf_I_O)         1.475     1.475 r  i_xlnx_clk_gen/inst/clkin1_ibufg/O
                         net (fo=1, unplaced)         0.584     2.059    i_xlnx_clk_gen/inst/clk_in1_xlnx_clk_gen
                         MMCME2_ADV (Prop_mmcme2_adv_CLKIN1_CLKOUT0)
                                                     -5.113    -3.054 r  i_xlnx_clk_gen/inst/mmcm_adv_inst/CLKOUT0
                         net (fo=1, unplaced)         0.800    -2.254    i_xlnx_clk_gen/inst/clk_out1_xlnx_clk_gen
                         BUFG (Prop_bufg_I_O)         0.101    -2.153 r  i_xlnx_clk_gen/inst/clkout1_buf/O
                         net (fo=21072, unplaced)     0.584    -1.569    i_axi_dwidth_converter_dm_slave/inst/gen_downsizer.gen_simple_downsizer.axi_downsizer_inst/USE_READ.read_addr_inst/cmd_queue/inst/fifo_gen_inst/inst_fifo_gen/gconvfifo.rf/grf.rf/rstblk/clk
                         FDRE                                         r  i_axi_dwidth_converter_dm_slave/inst/gen_downsizer.gen_simple_downsizer.axi_downsizer_inst/USE_READ.read_addr_inst/cmd_queue/inst/fifo_gen_inst/inst_fifo_gen/gconvfifo.rf/grf.rf/rstblk/ngwrdrst.grst.g7serrst.gnsckt_wrst.gcc_rst.sckt_wr_rst_cc_reg[1]/C
  -------------------------------------------------------------------    -------------------
                         FDRE (Prop_fdre_C_Q)         0.478    -1.091 f  i_axi_dwidth_converter_dm_slave/inst/gen_downsizer.gen_simple_downsizer.axi_downsizer_inst/USE_READ.read_addr_inst/cmd_queue/inst/fifo_gen_inst/inst_fifo_gen/gconvfifo.rf/grf.rf/rstblk/ngwrdrst.grst.g7serrst.gnsckt_wrst.gcc_rst.sckt_wr_rst_cc_reg[1]/Q
                         net (fo=2, unplaced)         0.752    -0.339    i_axi_dwidth_converter_dm_slave/inst/gen_downsizer.gen_simple_downsizer.axi_downsizer_inst/USE_READ.read_addr_inst/cmd_queue/inst/fifo_gen_inst/inst_fifo_gen/gconvfifo.rf/grf.rf/rstblk/ngwrdrst.grst.g7serrst.gnsckt_wrst.gcc_rst.sckt_wr_rst_cc[1]
                         LUT3 (Prop_lut3_I0_O)        0.295    -0.044 f  i_axi_dwidth_converter_dm_slave/inst/gen_downsizer.gen_simple_downsizer.axi_downsizer_inst/USE_READ.read_addr_inst/cmd_queue/inst/fifo_gen_inst/inst_fifo_gen/gconvfifo.rf/grf.rf/rstblk/gpregsm1.curr_fwft_state[1]_i_2/O
                         net (fo=32, unplaced)        0.847     0.803    i_axi_dwidth_converter_dm_slave/inst/gen_downsizer.gen_simple_downsizer.axi_downsizer_inst/USE_READ.read_addr_inst/cmd_queue/inst/fifo_gen_inst/inst_fifo_gen/gconvfifo.rf/grf.rf/gntv_or_sync_fifo.gl0.rd/gr1.gr1_int.rfwft/gpregsm1.user_valid_reg_0
                         FDPE                                         f  i_axi_dwidth_converter_dm_slave/inst/gen_downsizer.gen_simple_downsizer.axi_downsizer_inst/USE_READ.read_addr_inst/cmd_queue/inst/fifo_gen_inst/inst_fifo_gen/gconvfifo.rf/grf.rf/gntv_or_sync_fifo.gl0.rd/gr1.gr1_int.rfwft/aempty_fwft_fb_i_reg/PRE
  -------------------------------------------------------------------    -------------------

                         (clock clk_out1_xlnx_clk_gen rise edge)
                                                     20.000    20.000 r  
    K17                                               0.000    20.000 r  clk_sys (IN)
                         net (fo=0)                   0.000    20.000    i_xlnx_clk_gen/inst/clk_in1
    K17                  IBUF (Prop_ibuf_I_O)         1.404    21.404 r  i_xlnx_clk_gen/inst/clkin1_ibufg/O
                         net (fo=1, unplaced)         0.439    21.843    i_xlnx_clk_gen/inst/clk_in1_xlnx_clk_gen
                         MMCME2_ADV (Prop_mmcme2_adv_CLKIN1_CLKOUT0)
                                                     -5.378    16.466 r  i_xlnx_clk_gen/inst/mmcm_adv_inst/CLKOUT0
                         net (fo=1, unplaced)         0.760    17.225    i_xlnx_clk_gen/inst/clk_out1_xlnx_clk_gen
                         BUFG (Prop_bufg_I_O)         0.091    17.316 r  i_xlnx_clk_gen/inst/clkout1_buf/O
                         net (fo=21072, unplaced)     0.439    17.755    i_axi_dwidth_converter_dm_slave/inst/gen_downsizer.gen_simple_downsizer.axi_downsizer_inst/USE_READ.read_addr_inst/cmd_queue/inst/fifo_gen_inst/inst_fifo_gen/gconvfifo.rf/grf.rf/gntv_or_sync_fifo.gl0.rd/gr1.gr1_int.rfwft/clk
                         FDPE                                         r  i_axi_dwidth_converter_dm_slave/inst/gen_downsizer.gen_simple_downsizer.axi_downsizer_inst/USE_READ.read_addr_inst/cmd_queue/inst/fifo_gen_inst/inst_fifo_gen/gconvfifo.rf/grf.rf/gntv_or_sync_fifo.gl0.rd/gr1.gr1_int.rfwft/aempty_fwft_fb_i_reg/C
                         clock pessimism              0.531    18.286    
                         clock uncertainty           -0.079    18.206    
                         FDPE (Recov_fdpe_C_PRE)     -0.394    17.812    i_axi_dwidth_converter_dm_slave/inst/gen_downsizer.gen_simple_downsizer.axi_downsizer_inst/USE_READ.read_addr_inst/cmd_queue/inst/fifo_gen_inst/inst_fifo_gen/gconvfifo.rf/grf.rf/gntv_or_sync_fifo.gl0.rd/gr1.gr1_int.rfwft/aempty_fwft_fb_i_reg
  -------------------------------------------------------------------
                         required time                         17.812    
                         arrival time                          -0.803    
  -------------------------------------------------------------------
                         slack                                 17.010    




