Copyright 1986-2022 Xilinx, Inc. All Rights Reserved. Copyright 2022-2024 Advanced Micro Devices, Inc. All Rights Reserved.
---------------------------------------------------------------------------------------------------------------------------------------------
| Tool Version : Vivado v.2024.1 (lin64) Build 5076996 Wed May 22 18:36:09 MDT 2024
| Date         : Wed Sep  9 15:35:27 2026
| Host         : EQI07362 running 64-bit Ubuntu 22.04.5 LTS
| Command      : report_timing -nworst 1 -delay_type max -sort_by group -file reports_cva6_fpga_impl/cva6_fpga.timing.rpt
| Design       : cva6_zybo_z7_20
| Device       : 7z020-clg400
| Speed File   : -1  PRODUCTION 1.12 2019-11-22
| Design State : Routed
---------------------------------------------------------------------------------------------------------------------------------------------

Timing Report

Slack (VIOLATED) :        -3.665ns  (required time - arrival time)
  Source:                 i_ariane/i_cva6/issue_stage_i/i_issue_read_operands/cvxif_valid_q_reg/C
                            (rising edge-triggered cell FDCE clocked by clk_out1_xlnx_clk_gen  {rise@0.000ns fall@10.000ns period=20.000ns})
  Destination:            i_ariane/i_cva6/ex_stage_i/asid_to_be_flushed_reg[0]/D
                            (rising edge-triggered cell FDCE clocked by clk_out1_xlnx_clk_gen  {rise@0.000ns fall@10.000ns period=20.000ns})
  Path Group:             clk_out1_xlnx_clk_gen
  Path Type:              Setup (Max at Slow Process Corner)
  Requirement:            20.000ns  (clk_out1_xlnx_clk_gen rise@20.000ns - clk_out1_xlnx_clk_gen rise@0.000ns)
  Data Path Delay:        23.473ns  (logic 7.040ns (29.992%)  route 16.433ns (70.008%))
  Logic Levels:           26  (CARRY4=9 LUT2=2 LUT3=6 LUT5=2 LUT6=7)
  Clock Path Skew:        -0.099ns (DCD - SCD + CPR)
    Destination Clock Delay (DCD):    -1.611ns = ( 18.389 - 20.000 ) 
    Source Clock Delay      (SCD):    -1.045ns
    Clock Pessimism Removal (CPR):    0.467ns
  Clock Uncertainty:      0.079ns  ((TSJ^2 + DJ^2)^1/2) / 2 + PE
    Total System Jitter     (TSJ):    0.071ns
    Discrete Jitter          (DJ):    0.142ns
    Phase Error              (PE):    0.000ns

    Location             Delay type                Incr(ns)  Path(ns)    Netlist Resource(s)
  -------------------------------------------------------------------    -------------------
                         (clock clk_out1_xlnx_clk_gen rise edge)
                                                      0.000     0.000 r  
    K17                                               0.000     0.000 r  clk_sys (IN)
                         net (fo=0)                   0.000     0.000    i_xlnx_clk_gen/inst/clk_in1
    K17                  IBUF (Prop_ibuf_I_O)         1.475     1.475 r  i_xlnx_clk_gen/inst/clkin1_ibufg/O
                         net (fo=1, routed)           1.285     2.760    i_xlnx_clk_gen/inst/clk_in1_xlnx_clk_gen
    MMCME2_ADV_X1Y2      MMCME2_ADV (Prop_mmcme2_adv_CLKIN1_CLKOUT0)
                                                     -7.759    -4.999 r  i_xlnx_clk_gen/inst/mmcm_adv_inst/CLKOUT0
                         net (fo=1, routed)           2.206    -2.793    i_xlnx_clk_gen/inst/clk_out1_xlnx_clk_gen
    BUFGCTRL_X0Y16       BUFG (Prop_bufg_I_O)         0.101    -2.692 r  i_xlnx_clk_gen/inst/clkout1_buf/O
                         net (fo=20038, routed)       1.647    -1.045    i_ariane/i_cva6/issue_stage_i/i_issue_read_operands/clk_out1
    SLICE_X48Y88         FDCE                                         r  i_ariane/i_cva6/issue_stage_i/i_issue_read_operands/cvxif_valid_q_reg/C
  -------------------------------------------------------------------    -------------------
    SLICE_X48Y88         FDCE (Prop_fdce_C_Q)         0.456    -0.589 f  i_ariane/i_cva6/issue_stage_i/i_issue_read_operands/cvxif_valid_q_reg/Q
                         net (fo=637, routed)         0.830     0.240    i_ariane/i_cva6/issue_stage_i/i_issue_read_operands/cvxif_valid_q_reg_0
    SLICE_X49Y88         LUT2 (Prop_lut2_I0_O)        0.124     0.364 f  i_ariane/i_cva6/issue_stage_i/i_issue_read_operands/i___477_i_3/O
                         net (fo=12, routed)          0.694     1.058    i_ariane/gen_example_coprocessor.i_cvxif_coprocessor/cvxif_req[x_issue_req][instr][6]
    SLICE_X48Y88         LUT3 (Prop_lut3_I1_O)        0.152     1.210 r  i_ariane/gen_example_coprocessor.i_cvxif_coprocessor/i___0_i_7/O
                         net (fo=2, routed)           0.959     2.169    i_ariane/i_cva6/issue_stage_i/i_issue_read_operands/weight_buffer2_reg_265
    SLICE_X48Y91         LUT6 (Prop_lut6_I2_O)        0.326     2.495 r  i_ariane/i_cva6/issue_stage_i/i_issue_read_operands/i___206_i_4/O
                         net (fo=788, routed)         0.423     2.919    i_ariane/gen_example_coprocessor.i_cvxif_coprocessor/rd_block_cnt_q_reg[0]_0
    SLICE_X48Y90         LUT6 (Prop_lut6_I5_O)        0.124     3.043 r  i_ariane/gen_example_coprocessor.i_cvxif_coprocessor/i___478/O
                         net (fo=157, routed)         1.376     4.419    i_ariane/i_cva6/issue_stage_i/i_issue_read_operands/req_o[is_mac16buf_para]
    SLICE_X43Y102        LUT6 (Prop_lut6_I5_O)        0.124     4.543 r  i_ariane/i_cva6/issue_stage_i/i_issue_read_operands/i___239_i_2/O
                         net (fo=9, routed)           0.846     5.389    i_ariane/i_cva6/issue_stage_i/i_issue_read_operands/operand_h_q_reg[27]_0
    SLICE_X44Y101        LUT6 (Prop_lut6_I0_O)        0.124     5.513 f  i_ariane/i_cva6/issue_stage_i/i_issue_read_operands/i___635_i_2/O
                         net (fo=3, routed)           0.327     5.840    i_ariane/i_cva6/issue_stage_i/i_issue_read_operands/weight_buffer2_reg_203
    SLICE_X44Y102        LUT3 (Prop_lut3_I1_O)        0.124     5.964 r  i_ariane/i_cva6/issue_stage_i/i_issue_read_operands/i___405_i_10/O
                         net (fo=1, routed)           0.978     6.943    i_ariane/gen_example_coprocessor.i_cvxif_coprocessor/i___405_0[1]
    SLICE_X42Y101        CARRY4 (Prop_carry4_DI[1]_CO[3])
                                                      0.520     7.463 r  i_ariane/gen_example_coprocessor.i_cvxif_coprocessor/i___405_i_3/CO[3]
                         net (fo=1, routed)           0.000     7.463    i_ariane/gen_example_coprocessor.i_cvxif_coprocessor/i___405_i_3_n_1
    SLICE_X42Y102        CARRY4 (Prop_carry4_CI_O[0])
                                                      0.219     7.682 r  i_ariane/gen_example_coprocessor.i_cvxif_coprocessor/i___436_i_28/O[0]
                         net (fo=3, routed)           0.623     8.304    i_ariane/gen_example_coprocessor.i_cvxif_coprocessor/i___436_i_28_n_8
    SLICE_X40Y103        LUT3 (Prop_lut3_I2_O)        0.295     8.599 r  i_ariane/gen_example_coprocessor.i_cvxif_coprocessor/i___436_i_22/O
                         net (fo=1, routed)           0.682     9.281    i_ariane/gen_example_coprocessor.i_cvxif_coprocessor/i___436_i_22_n_1
    SLICE_X41Y100        CARRY4 (Prop_carry4_DI[1]_O[2])
                                                      0.537     9.818 r  i_ariane/gen_example_coprocessor.i_cvxif_coprocessor/i___436_i_4/O[2]
                         net (fo=3, routed)           0.600    10.418    i_ariane/gen_example_coprocessor.i_cvxif_coprocessor/i___436_i_4_n_6
    SLICE_X47Y98         LUT3 (Prop_lut3_I2_O)        0.302    10.720 r  i_ariane/gen_example_coprocessor.i_cvxif_coprocessor/acc_q[19]_i_48/O
                         net (fo=1, routed)           0.968    11.688    i_ariane/gen_example_coprocessor.i_cvxif_coprocessor/acc_q[19]_i_48_n_1
    SLICE_X46Y96         CARRY4 (Prop_carry4_DI[3]_CO[3])
                                                      0.396    12.084 r  i_ariane/gen_example_coprocessor.i_cvxif_coprocessor/acc_q_reg[19]_i_38/CO[3]
                         net (fo=1, routed)           0.000    12.084    i_ariane/gen_example_coprocessor.i_cvxif_coprocessor/acc_q_reg[19]_i_38_n_1
    SLICE_X46Y97         CARRY4 (Prop_carry4_CI_O[0])
                                                      0.219    12.303 r  i_ariane/gen_example_coprocessor.i_cvxif_coprocessor/acc_q_reg[23]_i_23/O[0]
                         net (fo=3, routed)           0.778    13.081    i_ariane/gen_example_coprocessor.i_cvxif_coprocessor/acc_q_reg[23]_i_23_n_8
    SLICE_X45Y93         LUT3 (Prop_lut3_I1_O)        0.295    13.376 r  i_ariane/gen_example_coprocessor.i_cvxif_coprocessor/acc_q[19]_i_16/O
                         net (fo=1, routed)           0.670    14.046    i_ariane/gen_example_coprocessor.i_cvxif_coprocessor/acc_q[19]_i_16_n_1
    SLICE_X44Y91         CARRY4 (Prop_carry4_DI[1]_O[3])
                                                      0.596    14.642 r  i_ariane/gen_example_coprocessor.i_cvxif_coprocessor/acc_q_reg[19]_i_11/O[3]
                         net (fo=3, routed)           0.622    15.264    i_ariane/gen_example_coprocessor.i_cvxif_coprocessor/acc_q_reg[19]_i_11_n_5
    SLICE_X43Y87         LUT3 (Prop_lut3_I0_O)        0.306    15.570 r  i_ariane/gen_example_coprocessor.i_cvxif_coprocessor/acc_q[19]_i_6/O
                         net (fo=1, routed)           0.609    16.179    i_ariane/gen_example_coprocessor.i_cvxif_coprocessor/acc_q[19]_i_6_n_1
    SLICE_X45Y86         CARRY4 (Prop_carry4_DI[0]_CO[3])
                                                      0.526    16.705 r  i_ariane/gen_example_coprocessor.i_cvxif_coprocessor/acc_q_reg[19]_i_2/CO[3]
                         net (fo=1, routed)           0.000    16.705    i_ariane/gen_example_coprocessor.i_cvxif_coprocessor/acc_q_reg[19]_i_2_n_1
    SLICE_X45Y87         CARRY4 (Prop_carry4_CI_CO[3])
                                                      0.114    16.819 r  i_ariane/gen_example_coprocessor.i_cvxif_coprocessor/acc_q_reg[23]_i_2/CO[3]
                         net (fo=1, routed)           0.000    16.819    i_ariane/gen_example_coprocessor.i_cvxif_coprocessor/acc_q_reg[23]_i_2_n_1
    SLICE_X45Y88         CARRY4 (Prop_carry4_CI_O[2])
                                                      0.239    17.058 r  i_ariane/gen_example_coprocessor.i_cvxif_coprocessor/acc_q_reg[27]_i_2/O[2]
                         net (fo=3, routed)           1.036    18.094    i_ariane/gen_example_coprocessor.i_cvxif_coprocessor/acc_q[27]_i_10_0[2]
    SLICE_X48Y85         LUT5 (Prop_lut5_I3_O)        0.302    18.396 r  i_ariane/gen_example_coprocessor.i_cvxif_coprocessor/mem_q[0][sbe][result][7]_i_11/O
                         net (fo=1, routed)           0.571    18.967    i_ariane/gen_example_coprocessor.i_cvxif_coprocessor/mem_q[0][sbe][result][7]_i_11_n_1
    SLICE_X49Y84         LUT6 (Prop_lut6_I3_O)        0.124    19.091 r  i_ariane/gen_example_coprocessor.i_cvxif_coprocessor/mem_q[0][sbe][result][7]_i_5_comp/O
                         net (fo=12, routed)          0.727    19.818    i_ariane/gen_example_coprocessor.i_cvxif_coprocessor/fifo_commit_i/gen_fpga_queue.fifo_ram/sat_shift8_u81
    SLICE_X55Y84         LUT6 (Prop_lut6_I4_O)        0.124    19.942 r  i_ariane/gen_example_coprocessor.i_cvxif_coprocessor/fifo_commit_i/gen_fpga_queue.fifo_ram/mem_q[0][sbe][result][0]_i_2/O
                         net (fo=5, routed)           0.464    20.406    i_ariane/gen_example_coprocessor.i_cvxif_coprocessor/fifo_commit_i/gen_fpga_queue.fifo_ram/acc_q_reg[27]_i_2[0]
    SLICE_X56Y85         LUT2 (Prop_lut2_I1_O)        0.124    20.530 r  i_ariane/gen_example_coprocessor.i_cvxif_coprocessor/fifo_commit_i/gen_fpga_queue.fifo_ram/operand_f_q[0]_i_5/O
                         net (fo=8, routed)           0.706    21.236    i_ariane/i_cva6/issue_stage_i/i_scoreboard/x_result_ex_id[0]
    SLICE_X60Y86         LUT6 (Prop_lut6_I3_O)        0.124    21.360 r  i_ariane/i_cva6/issue_stage_i/i_scoreboard/asid_to_be_flushed[0]_i_18/O
                         net (fo=1, routed)           0.458    21.819    i_ariane/i_cva6/id_stage_i/asid_to_be_flushed[0]_i_18_n_1_alias
    SLICE_X66Y85         LUT5 (Prop_lut5_I3_O)        0.124    21.943 r  i_ariane/i_cva6/id_stage_i/asid_to_be_flushed[0]_i_2_comp/O
                         net (fo=2, routed)           0.485    22.428    i_ariane/i_cva6/ex_stage_i/D[0]
    SLICE_X66Y83         FDCE                                         r  i_ariane/i_cva6/ex_stage_i/asid_to_be_flushed_reg[0]/D
  -------------------------------------------------------------------    -------------------

                         (clock clk_out1_xlnx_clk_gen rise edge)
                                                     20.000    20.000 r  
    K17                                               0.000    20.000 r  clk_sys (IN)
                         net (fo=0)                   0.000    20.000    i_xlnx_clk_gen/inst/clk_in1
    K17                  IBUF (Prop_ibuf_I_O)         1.404    21.404 r  i_xlnx_clk_gen/inst/clkin1_ibufg/O
                         net (fo=1, routed)           1.162    22.566    i_xlnx_clk_gen/inst/clk_in1_xlnx_clk_gen
    MMCME2_ADV_X1Y2      MMCME2_ADV (Prop_mmcme2_adv_CLKIN1_CLKOUT0)
                                                     -7.814    14.752 r  i_xlnx_clk_gen/inst/mmcm_adv_inst/CLKOUT0
                         net (fo=1, routed)           2.012    16.764    i_xlnx_clk_gen/inst/clk_out1_xlnx_clk_gen
    BUFGCTRL_X0Y16       BUFG (Prop_bufg_I_O)         0.091    16.855 r  i_xlnx_clk_gen/inst/clkout1_buf/O
                         net (fo=20038, routed)       1.534    18.389    i_ariane/i_cva6/ex_stage_i/clk_out1
    SLICE_X66Y83         FDCE                                         r  i_ariane/i_cva6/ex_stage_i/asid_to_be_flushed_reg[0]/C
                         clock pessimism              0.467    18.855    
                         clock uncertainty           -0.079    18.776    
    SLICE_X66Y83         FDCE (Setup_fdce_C_D)       -0.013    18.763    i_ariane/i_cva6/ex_stage_i/asid_to_be_flushed_reg[0]
  -------------------------------------------------------------------
                         required time                         18.763    
                         arrival time                         -22.428    
  -------------------------------------------------------------------
                         slack                                 -3.665    

Slack (MET) :             0.672ns  (required time - arrival time)
  Source:                 i_dmi_jtag/i_dmi_jtag_tap/td_o_reg/C
                            (falling edge-triggered cell FDCE clocked by tck  {rise@0.000ns fall@50.000ns period=100.000ns})
  Destination:            tdo
                            (output port clocked by tck  {rise@0.000ns fall@50.000ns period=100.000ns})
  Path Group:             tck
  Path Type:              Max at Slow Process Corner
  Requirement:            20.000ns  (MaxDelay Path 20.000ns)
  Data Path Delay:        6.709ns  (logic 4.080ns (60.816%)  route 2.629ns (39.184%))
  Logic Levels:           1  (OBUF=1)
  Output Delay:           5.000ns
  Clock Path Skew:        -7.117ns (DCD - SCD + CPR)
    Destination Clock Delay (DCD):    0.000ns
    Source Clock Delay      (SCD):    7.117ns
    Clock Pessimism Removal (CPR):    0.000ns
  Clock Uncertainty:      0.501ns  ((TSJ^2 + TIJ^2)^1/2 + DJ) / 2 + PE
    Total System Jitter     (TSJ):    0.071ns
    Total Input Jitter      (TIJ):    1.000ns
    Discrete Jitter          (DJ):    0.000ns
    Phase Error              (PE):    0.000ns
  Timing Exception:       MaxDelay Path 20.000ns

    Location             Delay type                Incr(ns)  Path(ns)    Netlist Resource(s)
  -------------------------------------------------------------------    -------------------
                         (clock tck fall edge)        0.000     0.000 f  
    H15                                               0.000     0.000 f  tck (IN)
                         net (fo=0)                   0.000     0.000    tck
    H15                  IBUF (Prop_ibuf_I_O)         1.500     1.500 f  tck_IBUF_inst/O
                         net (fo=1, routed)           3.659     5.159    tck_IBUF
    BUFGCTRL_X0Y0        BUFG (Prop_bufg_I_O)         0.101     5.260 f  tck_IBUF_BUFG_inst/O
                         net (fo=258, routed)         1.857     7.117    i_dmi_jtag/i_dmi_jtag_tap/tck_ni
    SLICE_X112Y68        FDCE                                         r  i_dmi_jtag/i_dmi_jtag_tap/td_o_reg/C  (IS_INVERTED)
  -------------------------------------------------------------------    -------------------
    SLICE_X112Y68        FDCE (Prop_fdce_C_Q)         0.524     7.641 r  i_dmi_jtag/i_dmi_jtag_tap/td_o_reg/Q
                         net (fo=1, routed)           2.629    10.271    tdo_OBUF
    J15                  OBUF (Prop_obuf_I_O)         3.556    13.827 r  tdo_OBUF_inst/O
                         net (fo=0)                   0.000    13.827    tdo
    J15                                                               r  tdo (OUT)
  -------------------------------------------------------------------    -------------------

                         max delay                   20.000    20.000    
                         clock pessimism              0.000    20.000    
                         clock uncertainty           -0.501    19.499    
                         output delay                -5.000    14.499    
  -------------------------------------------------------------------
                         required time                         14.499    
                         arrival time                         -13.827    
  -------------------------------------------------------------------
                         slack                                  0.672    

Slack (MET) :             15.987ns  (required time - arrival time)
  Source:                 i_axi_dwidth_converter_dm_slave/inst/gen_downsizer.gen_simple_downsizer.axi_downsizer_inst/USE_READ.read_addr_inst/cmd_queue/inst/fifo_gen_inst/inst_fifo_gen/gconvfifo.rf/grf.rf/rstblk/ngwrdrst.grst.g7serrst.gnsckt_wrst.gcc_rst.sckt_wr_rst_cc_reg[0]/C
                            (rising edge-triggered cell FDRE clocked by clk_out1_xlnx_clk_gen  {rise@0.000ns fall@10.000ns period=20.000ns})
  Destination:            i_axi_dwidth_converter_dm_slave/inst/gen_downsizer.gen_simple_downsizer.axi_downsizer_inst/USE_READ.read_addr_inst/cmd_queue/inst/fifo_gen_inst/inst_fifo_gen/gconvfifo.rf/grf.rf/gntv_or_sync_fifo.gl0.rd/rpntr/gc0.count_d1_reg[1]/CLR
                            (recovery check against rising-edge clock clk_out1_xlnx_clk_gen  {rise@0.000ns fall@10.000ns period=20.000ns})
  Path Group:             **async_default**
  Path Type:              Recovery (Max at Slow Process Corner)
  Requirement:            20.000ns  (clk_out1_xlnx_clk_gen rise@20.000ns - clk_out1_xlnx_clk_gen rise@0.000ns)
  Data Path Delay:        3.386ns  (logic 0.642ns (18.961%)  route 2.744ns (81.039%))
  Logic Levels:           1  (LUT3=1)
  Clock Path Skew:        -0.143ns (DCD - SCD + CPR)
    Destination Clock Delay (DCD):    -1.534ns = ( 18.466 - 20.000 ) 
    Source Clock Delay      (SCD):    -0.823ns
    Clock Pessimism Removal (CPR):    0.567ns
  Clock Uncertainty:      0.079ns  ((TSJ^2 + DJ^2)^1/2) / 2 + PE
    Total System Jitter     (TSJ):    0.071ns
    Discrete Jitter          (DJ):    0.142ns
    Phase Error              (PE):    0.000ns

    Location             Delay type                Incr(ns)  Path(ns)    Netlist Resource(s)
  -------------------------------------------------------------------    -------------------
                         (clock clk_out1_xlnx_clk_gen rise edge)
                                                      0.000     0.000 r  
    K17                                               0.000     0.000 r  clk_sys (IN)
                         net (fo=0)                   0.000     0.000    i_xlnx_clk_gen/inst/clk_in1
    K17                  IBUF (Prop_ibuf_I_O)         1.475     1.475 r  i_xlnx_clk_gen/inst/clkin1_ibufg/O
                         net (fo=1, routed)           1.285     2.760    i_xlnx_clk_gen/inst/clk_in1_xlnx_clk_gen
    MMCME2_ADV_X1Y2      MMCME2_ADV (Prop_mmcme2_adv_CLKIN1_CLKOUT0)
                                                     -7.759    -4.999 r  i_xlnx_clk_gen/inst/mmcm_adv_inst/CLKOUT0
                         net (fo=1, routed)           2.206    -2.793    i_xlnx_clk_gen/inst/clk_out1_xlnx_clk_gen
    BUFGCTRL_X0Y16       BUFG (Prop_bufg_I_O)         0.101    -2.692 r  i_xlnx_clk_gen/inst/clkout1_buf/O
                         net (fo=20038, routed)       1.869    -0.823    i_axi_dwidth_converter_dm_slave/inst/gen_downsizer.gen_simple_downsizer.axi_downsizer_inst/USE_READ.read_addr_inst/cmd_queue/inst/fifo_gen_inst/inst_fifo_gen/gconvfifo.rf/grf.rf/rstblk/clk
    SLICE_X108Y19        FDRE                                         r  i_axi_dwidth_converter_dm_slave/inst/gen_downsizer.gen_simple_downsizer.axi_downsizer_inst/USE_READ.read_addr_inst/cmd_queue/inst/fifo_gen_inst/inst_fifo_gen/gconvfifo.rf/grf.rf/rstblk/ngwrdrst.grst.g7serrst.gnsckt_wrst.gcc_rst.sckt_wr_rst_cc_reg[0]/C
  -------------------------------------------------------------------    -------------------
    SLICE_X108Y19        FDRE (Prop_fdre_C_Q)         0.518    -0.305 f  i_axi_dwidth_converter_dm_slave/inst/gen_downsizer.gen_simple_downsizer.axi_downsizer_inst/USE_READ.read_addr_inst/cmd_queue/inst/fifo_gen_inst/inst_fifo_gen/gconvfifo.rf/grf.rf/rstblk/ngwrdrst.grst.g7serrst.gnsckt_wrst.gcc_rst.sckt_wr_rst_cc_reg[0]/Q
                         net (fo=3, routed)           0.826     0.521    i_axi_dwidth_converter_dm_slave/inst/gen_downsizer.gen_simple_downsizer.axi_downsizer_inst/USE_READ.read_addr_inst/cmd_queue/inst/fifo_gen_inst/inst_fifo_gen/gconvfifo.rf/grf.rf/rstblk/ngwrdrst.grst.g7serrst.gnsckt_wrst.gcc_rst.sckt_wr_rst_cc[0]
    SLICE_X107Y19        LUT3 (Prop_lut3_I1_O)        0.124     0.645 f  i_axi_dwidth_converter_dm_slave/inst/gen_downsizer.gen_simple_downsizer.axi_downsizer_inst/USE_READ.read_addr_inst/cmd_queue/inst/fifo_gen_inst/inst_fifo_gen/gconvfifo.rf/grf.rf/rstblk/gpregsm1.curr_fwft_state[1]_i_2/O
                         net (fo=32, routed)          1.917     2.563    i_axi_dwidth_converter_dm_slave/inst/gen_downsizer.gen_simple_downsizer.axi_downsizer_inst/USE_READ.read_addr_inst/cmd_queue/inst/fifo_gen_inst/inst_fifo_gen/gconvfifo.rf/grf.rf/gntv_or_sync_fifo.gl0.rd/rpntr/gc0.count_d1_reg[4]_1
    SLICE_X103Y22        FDCE                                         f  i_axi_dwidth_converter_dm_slave/inst/gen_downsizer.gen_simple_downsizer.axi_downsizer_inst/USE_READ.read_addr_inst/cmd_queue/inst/fifo_gen_inst/inst_fifo_gen/gconvfifo.rf/grf.rf/gntv_or_sync_fifo.gl0.rd/rpntr/gc0.count_d1_reg[1]/CLR
  -------------------------------------------------------------------    -------------------

                         (clock clk_out1_xlnx_clk_gen rise edge)
                                                     20.000    20.000 r  
    K17                                               0.000    20.000 r  clk_sys (IN)
                         net (fo=0)                   0.000    20.000    i_xlnx_clk_gen/inst/clk_in1
    K17                  IBUF (Prop_ibuf_I_O)         1.404    21.404 r  i_xlnx_clk_gen/inst/clkin1_ibufg/O
                         net (fo=1, routed)           1.162    22.566    i_xlnx_clk_gen/inst/clk_in1_xlnx_clk_gen
    MMCME2_ADV_X1Y2      MMCME2_ADV (Prop_mmcme2_adv_CLKIN1_CLKOUT0)
                                                     -7.814    14.752 r  i_xlnx_clk_gen/inst/mmcm_adv_inst/CLKOUT0
                         net (fo=1, routed)           2.012    16.764    i_xlnx_clk_gen/inst/clk_out1_xlnx_clk_gen
    BUFGCTRL_X0Y16       BUFG (Prop_bufg_I_O)         0.091    16.855 r  i_xlnx_clk_gen/inst/clkout1_buf/O
                         net (fo=20038, routed)       1.611    18.466    i_axi_dwidth_converter_dm_slave/inst/gen_downsizer.gen_simple_downsizer.axi_downsizer_inst/USE_READ.read_addr_inst/cmd_queue/inst/fifo_gen_inst/inst_fifo_gen/gconvfifo.rf/grf.rf/gntv_or_sync_fifo.gl0.rd/rpntr/clk
    SLICE_X103Y22        FDCE                                         r  i_axi_dwidth_converter_dm_slave/inst/gen_downsizer.gen_simple_downsizer.axi_downsizer_inst/USE_READ.read_addr_inst/cmd_queue/inst/fifo_gen_inst/inst_fifo_gen/gconvfifo.rf/grf.rf/gntv_or_sync_fifo.gl0.rd/rpntr/gc0.count_d1_reg[1]/C
                         clock pessimism              0.567    19.034    
                         clock uncertainty           -0.079    18.954    
    SLICE_X103Y22        FDCE (Recov_fdce_C_CLR)     -0.405    18.549    i_axi_dwidth_converter_dm_slave/inst/gen_downsizer.gen_simple_downsizer.axi_downsizer_inst/USE_READ.read_addr_inst/cmd_queue/inst/fifo_gen_inst/inst_fifo_gen/gconvfifo.rf/grf.rf/gntv_or_sync_fifo.gl0.rd/rpntr/gc0.count_d1_reg[1]
  -------------------------------------------------------------------
                         required time                         18.549    
                         arrival time                          -2.563    
  -------------------------------------------------------------------
                         slack                                 15.987    




